Starting a Gradle Daemon, 1 busy Daemon could not be reused, use --status for details

> Configure project :app
WARNING: The option setting 'android.disallowKotlinSourceSets=false' is experimental.
The current default is 'true'.

> Task :app:preBuild UP-TO-DATE
> Task :app:preDebugBuild UP-TO-DATE
> Task :app:generateDebugBuildConfig UP-TO-DATE
> Task :app:generateDebugResources UP-TO-DATE
> Task :app:packageDebugResources UP-TO-DATE
> Task :app:processDebugNavigationResources UP-TO-DATE
> Task :app:parseDebugLocalResources UP-TO-DATE
> Task :app:generateDebugRFile UP-TO-DATE
> Task :app:kspDebugKotlin UP-TO-DATE
> Task :app:compileDebugKotlin
w: file:///app/applet/app/src/main/java/com/aistudio/zenithstudio/rpxwtq/EffectsWindowShell.kt:184:13 'fun Divider(modifier: Modifier = ..., thickness: Dp = ..., color: Color = ...): Unit' is deprecated. Renamed to HorizontalDivider.
w: file:///app/applet/app/src/main/java/com/aistudio/zenithstudio/rpxwtq/EffectsWindowShell.kt:329:37 'fun Divider(modifier: Modifier = ..., thickness: Dp = ..., color: Color = ...): Unit' is deprecated. Renamed to HorizontalDivider.
w: file:///app/applet/app/src/main/java/com/aistudio/zenithstudio/rpxwtq/EffectsWindowShell.kt:484:17 'fun Divider(modifier: Modifier = ..., thickness: Dp = ..., color: Color = ...): Unit' is deprecated. Renamed to HorizontalDivider.
w: file:///app/applet/app/src/main/java/com/aistudio/zenithstudio/rpxwtq/EffectsWindowShell.kt:744:25 'fun Divider(modifier: Modifier = ..., thickness: Dp = ..., color: Color = ...): Unit' is deprecated. Renamed to HorizontalDivider.
w: file:///app/applet/app/src/main/java/com/aistudio/zenithstudio/rpxwtq/RichTextSpanHelper.kt:52:87 Java type mismatch: inferred type is 'Nothing?', but 'String' was expected.
w: file:///app/applet/app/src/main/java/com/aistudio/zenithstudio/rpxwtq/RichTextSpanHelper.kt:54:105 Java type mismatch: inferred type is 'Nothing?', but 'String' was expected.
w: file:///app/applet/app/src/main/java/com/aistudio/zenithstudio/rpxwtq/RichTextSpanHelper.kt:59:117 Java type mismatch: inferred type is 'Nothing?', but 'String' was expected.
w: file:///app/applet/app/src/main/java/com/aistudio/zenithstudio/rpxwtq/WelcomeCommunityDialog.kt:166:46 'val Icons.Filled.Chat: ImageVector' is deprecated. Use the AutoMirrored version at Icons.AutoMirrored.Filled.Chat.
w: file:///app/applet/app/src/main/java/com/aistudio/zenithstudio/rpxwtq/WelcomeCommunityDialog.kt:305:45 'val Icons.Filled.OpenInNew: ImageVector' is deprecated. Use the AutoMirrored version at Icons.AutoMirrored.Filled.OpenInNew.
w: file:///app/applet/app/src/main/java/com/aistudio/zenithstudio/rpxwtq/ZenithFilterEngine.kt:889:17 Condition is always 'true'.
w: file:///app/applet/app/src/main/java/com/example/CrashActivity.kt:194:37 'val outlinedButtonBorder: BorderStroke' is deprecated. Please use the version that takes an `enabled` param to get the `BorderStroke` with the correct opacity.
w: file:///app/applet/app/src/main/java/com/example/MainActivity.kt:119:18 'static field TRIM_MEMORY_RUNNING_LOW: Int' is deprecated. Deprecated in Java.
w: file:///app/applet/app/src/main/java/com/example/MainActivity.kt:119:54 'static field TRIM_MEMORY_MODERATE: Int' is deprecated. Deprecated in Java.
w: file:///app/applet/app/src/main/java/com/example/studio/model/Engine.kt:1565:13 Duplicate branch condition in 'when'.
w: file:///app/applet/app/src/main/java/com/example/studio/ui/AIVisualsOverlayHub.kt:127:112 'val Icons.Filled.ArrowBack: ImageVector' is deprecated. Use the AutoMirrored version at Icons.AutoMirrored.Filled.ArrowBack.
w: file:///app/applet/app/src/main/java/com/example/studio/ui/AIVisualsOverlayHub.kt:135:13 'fun Divider(modifier: Modifier = ..., thickness: Dp = ..., color: Color = ...): Unit' is deprecated. Renamed to HorizontalDivider.
w: file:///app/applet/app/src/main/java/com/example/studio/ui/AIVisualsOverlayHub.kt:266:34 'val Icons.Filled.TrendingUp: ImageVector' is deprecated. Use the AutoMirrored version at Icons.AutoMirrored.Filled.TrendingUp.
w: file:///app/applet/app/src/main/java/com/example/studio/ui/AIVisualsOverlayHub.kt:395:9 'fun Divider(modifier: Modifier = ..., thickness: Dp = ..., color: Color = ...): Unit' is deprecated. Renamed to HorizontalDivider.
w: file:///app/applet/app/src/main/java/com/example/studio/ui/AIVisualsOverlayHub.kt:720:9 'fun Divider(modifier: Modifier = ..., thickness: Dp = ..., color: Color = ...): Unit' is deprecated. Renamed to HorizontalDivider.
w: file:///app/applet/app/src/main/java/com/example/studio/ui/BezierVectorControlPane.kt:263:21 'fun Divider(modifier: Modifier = ..., thickness: Dp = ..., color: Color = ...): Unit' is deprecated. Renamed to HorizontalDivider.
w: file:///app/applet/app/src/main/java/com/example/studio/ui/BezierVectorControlPane.kt:415:25 'fun Divider(modifier: Modifier = ..., thickness: Dp = ..., color: Color = ...): Unit' is deprecated. Renamed to HorizontalDivider.
w: file:///app/applet/app/src/main/java/com/example/studio/ui/BezierVectorControlPane.kt:733:48 'val Icons.Filled.KeyboardArrowLeft: ImageVector' is deprecated. Use the AutoMirrored version at Icons.AutoMirrored.Filled.KeyboardArrowLeft.
w: file:///app/applet/app/src/main/java/com/example/studio/ui/BezierVectorControlPane.kt:741:48 'val Icons.Filled.KeyboardArrowRight: ImageVector' is deprecated. Use the AutoMirrored version at Icons.AutoMirrored.Filled.KeyboardArrowRight.
w: file:///app/applet/app/src/main/java/com/example/studio/ui/BottomPanelDetailViews.kt:558:52 'val Icons.Filled.KeyboardArrowLeft: ImageVector' is deprecated. Use the AutoMirrored version at Icons.AutoMirrored.Filled.KeyboardArrowLeft.
w: file:///app/applet/app/src/main/java/com/example/studio/ui/BottomPanelDetailViews.kt:583:52 'val Icons.Filled.KeyboardArrowRight: ImageVector' is deprecated. Use the AutoMirrored version at Icons.AutoMirrored.Filled.KeyboardArrowRight.
w: file:///app/applet/app/src/main/java/com/example/studio/ui/BottomPanelDetailViews.kt:964:17 'fun Divider(modifier: Modifier = ..., thickness: Dp = ..., color: Color = ...): Unit' is deprecated. Renamed to HorizontalDivider.
w: file:///app/applet/app/src/main/java/com/example/studio/ui/BottomPanelDetailViews.kt:1074:17 'fun Divider(modifier: Modifier = ..., thickness: Dp = ..., color: Color = ...): Unit' is deprecated. Renamed to HorizontalDivider.
w: file:///app/applet/app/src/main/java/com/example/studio/ui/BottomPanelDetailViews.kt:1109:17 'fun Divider(modifier: Modifier = ..., thickness: Dp = ..., color: Color = ...): Unit' is deprecated. Renamed to HorizontalDivider.
w: file:///app/applet/app/src/main/java/com/example/studio/ui/BottomPanelDetailViews.kt:1161:17 'fun Divider(modifier: Modifier = ..., thickness: Dp = ..., color: Color = ...): Unit' is deprecated. Renamed to HorizontalDivider.
w: file:///app/applet/app/src/main/java/com/example/studio/ui/BottomPanelDetailViews.kt:1289:17 'fun Divider(modifier: Modifier = ..., thickness: Dp = ..., color: Color = ...): Unit' is deprecated. Renamed to HorizontalDivider.
w: file:///app/applet/app/src/main/java/com/example/studio/ui/BottomPanelDetailViews.kt:1418:29 'fun Divider(modifier: Modifier = ..., thickness: Dp = ..., color: Color = ...): Unit' is deprecated. Renamed to HorizontalDivider.
w: file:///app/applet/app/src/main/java/com/example/studio/ui/BottomPanelDetailViews.kt:1439:29 'fun Divider(modifier: Modifier = ..., thickness: Dp = ..., color: Color = ...): Unit' is deprecated. Renamed to HorizontalDivider.
w: file:///app/applet/app/src/main/java/com/example/studio/ui/BottomPanelDetailViews.kt:1495:21 'fun Divider(modifier: Modifier = ..., thickness: Dp = ..., color: Color = ...): Unit' is deprecated. Renamed to HorizontalDivider.
w: file:///app/applet/app/src/main/java/com/example/studio/ui/BottomPanelDetailViews.kt:1759:21 'fun Divider(modifier: Modifier = ..., thickness: Dp = ..., color: Color = ...): Unit' is deprecated. Renamed to HorizontalDivider.
w: file:///app/applet/app/src/main/java/com/example/studio/ui/BottomPanelDetailViews.kt:1828:21 'fun Divider(modifier: Modifier = ..., thickness: Dp = ..., color: Color = ...): Unit' is deprecated. Renamed to HorizontalDivider.
w: file:///app/applet/app/src/main/java/com/example/studio/ui/BottomPanelDetailViews.kt:1976:25 'fun Divider(modifier: Modifier = ..., thickness: Dp = ..., color: Color = ...): Unit' is deprecated. Renamed to HorizontalDivider.
w: file:///app/applet/app/src/main/java/com/example/studio/ui/BottomPanelDetailViews.kt:2077:21 'fun Divider(modifier: Modifier = ..., thickness: Dp = ..., color: Color = ...): Unit' is deprecated. Renamed to HorizontalDivider.
w: file:///app/applet/app/src/main/java/com/example/studio/ui/BottomPanelDetailViews.kt:2204:9 'fun Divider(modifier: Modifier = ..., thickness: Dp = ..., color: Color = ...): Unit' is deprecated. Renamed to HorizontalDivider.
w: file:///app/applet/app/src/main/java/com/example/studio/ui/BottomPanelDetailViews.kt:2364:9 'fun Divider(modifier: Modifier = ..., thickness: Dp = ..., color: Color = ...): Unit' is deprecated. Renamed to HorizontalDivider.
w: file:///app/applet/app/src/main/java/com/example/studio/ui/BottomPanelDetailViews.kt:2380:9 'fun Divider(modifier: Modifier = ..., thickness: Dp = ..., color: Color = ...): Unit' is deprecated. Renamed to HorizontalDivider.
w: file:///app/applet/app/src/main/java/com/example/studio/ui/BottomPanelDetailViews.kt:2435:40 'val Icons.Filled.RotateLeft: ImageVector' is deprecated. Use the AutoMirrored version at Icons.AutoMirrored.Filled.RotateLeft.
w: file:///app/applet/app/src/main/java/com/example/studio/ui/BottomPanelDetailViews.kt:2451:40 'val Icons.Filled.RotateRight: ImageVector' is deprecated. Use the AutoMirrored version at Icons.AutoMirrored.Filled.RotateRight.
w: file:///app/applet/app/src/main/java/com/example/studio/ui/BottomPanelDetailViews.kt:2538:9 'fun Divider(modifier: Modifier = ..., thickness: Dp = ..., color: Color = ...): Unit' is deprecated. Renamed to HorizontalDivider.
w: file:///app/applet/app/src/main/java/com/example/studio/ui/BottomPanelDetailViews.kt:2671:33 'fun Divider(modifier: Modifier = ..., thickness: Dp = ..., color: Color = ...): Unit' is deprecated. Renamed to HorizontalDivider.
w: file:///app/applet/app/src/main/java/com/example/studio/ui/EffectsProcessor.kt:36:18 This declaration is in a preview state and can be changed in a backwards-incompatible manner with a best-effort migration. Its usage should be marked with '@kotlinx.coroutines.FlowPreview' or '@OptIn(kotlinx.coroutines.FlowPreview::class)' if you accept the drawback of relying on preview API
w: file:///app/applet/app/src/main/java/com/example/studio/ui/EffectsProcessor.kt:37:18 This declaration needs opt-in. Its usage should be marked with '@kotlinx.coroutines.ExperimentalCoroutinesApi' or '@OptIn(kotlinx.coroutines.ExperimentalCoroutinesApi::class)'
w: file:///app/applet/app/src/main/java/com/example/studio/ui/LandscapeSidebarPanel.kt:216:21 'fun Divider(modifier: Modifier = ..., thickness: Dp = ..., color: Color = ...): Unit' is deprecated. Renamed to HorizontalDivider.
w: file:///app/applet/app/src/main/java/com/example/studio/ui/LandscapeSidebarPanel.kt:274:21 'fun Divider(modifier: Modifier = ..., thickness: Dp = ..., color: Color = ...): Unit' is deprecated. Renamed to HorizontalDivider.
w: file:///app/applet/app/src/main/java/com/example/studio/ui/LandscapeSidebarPanel.kt:419:49 'fun Divider(modifier: Modifier = ..., thickness: Dp = ..., color: Color = ...): Unit' is deprecated. Renamed to HorizontalDivider.
w: file:///app/applet/app/src/main/java/com/example/studio/ui/LandscapeSidebarPanel.kt:452:49 'fun Divider(modifier: Modifier = ..., thickness: Dp = ..., color: Color = ...): Unit' is deprecated. Renamed to HorizontalDivider.
w: file:///app/applet/app/src/main/java/com/example/studio/ui/LayersPanel.kt:492:86 'val Icons.Filled.KeyboardArrowRight: ImageVector' is deprecated. Use the AutoMirrored version at Icons.AutoMirrored.Filled.KeyboardArrowRight.
w: file:///app/applet/app/src/main/java/com/example/studio/ui/OnlineFontEngineDialog.kt:354:52 'val Icons.Filled.ArrowBack: ImageVector' is deprecated. Use the AutoMirrored version at Icons.AutoMirrored.Filled.ArrowBack.
w: file:///app/applet/app/src/main/java/com/example/studio/ui/OnlineFontEngineDialog.kt:360:52 'val Icons.Filled.ArrowForward: ImageVector' is deprecated. Use the AutoMirrored version at Icons.AutoMirrored.Filled.ArrowForward.
w: file:///app/applet/app/src/main/java/com/example/studio/ui/WebAssetImporterDialog.kt:418:56 'val Icons.Filled.ArrowBack: ImageVector' is deprecated. Use the AutoMirrored version at Icons.AutoMirrored.Filled.ArrowBack.
w: file:///app/applet/app/src/main/java/com/example/studio/ui/WebAssetImporterDialog.kt:429:56 'val Icons.Filled.ArrowForward: ImageVector' is deprecated. Use the AutoMirrored version at Icons.AutoMirrored.Filled.ArrowForward.
w: file:///app/applet/app/src/main/java/com/example/studio/ui/WebAssetImporterDialog.kt:533:49 'var databaseEnabled: Boolean' is deprecated. Deprecated in Java.
w: file:///app/applet/app/src/main/java/com/example/studio/ui/WorkspaceScreen.kt:275:1 Expected performance impact from inlining is insignificant. Inlining works best for functions with parameters of function types.
w: file:///app/applet/app/src/main/java/com/example/studio/ui/WorkspaceScreen.kt:1720:21 Condition is always 'true'.
w: file:///app/applet/app/src/main/java/com/example/studio/ui/WorkspaceScreen.kt:1721:21 Condition is always 'true'.
w: file:///app/applet/app/src/main/java/com/example/studio/ui/WorkspaceScreen.kt:1722:21 Condition is always 'true'.
w: file:///app/applet/app/src/main/java/com/example/studio/ui/WorkspaceScreen.kt:1723:21 Condition is always 'true'.
w: file:///app/applet/app/src/main/java/com/example/studio/ui/WorkspaceScreen.kt:3618:54 'val Icons.Filled.LibraryBooks: ImageVector' is deprecated. Use the AutoMirrored version at Icons.AutoMirrored.Filled.LibraryBooks.
w: file:///app/applet/app/src/main/java/com/example/studio/ui/WorkspaceScreen.kt:7309:96 Condition is always 'true'.
w: file:///app/applet/app/src/main/java/com/example/studio/ui/WorkspaceScreen.kt:7358:96 Condition is always 'true'.
w: file:///app/applet/app/src/main/java/com/example/studio/ui/WorkspaceScreen.kt:7428:92 Condition is always 'true'.
w: file:///app/applet/app/src/main/java/com/example/studio/ui/WorkspaceScreen.kt:7449:106 Condition is always 'true'.
w: file:///app/applet/app/src/main/java/com/example/studio/ui/WorkspaceScreen.kt:7468:109 Condition is always 'true'.
w: file:///app/applet/app/src/main/java/com/example/studio/ui/WorkspaceScreen.kt:7492:109 Condition is always 'true'.
w: file:///app/applet/app/src/main/java/com/example/studio/ui/WorkspaceScreen.kt:7560:92 Condition is always 'true'.
w: file:///app/applet/app/src/main/java/com/example/studio/ui/WorkspaceScreen.kt:11300:41 'fun Divider(modifier: Modifier = ..., thickness: Dp = ..., color: Color = ...): Unit' is deprecated. Renamed to HorizontalDivider.
w: file:///app/applet/app/src/main/java/com/example/studio/ui/WorkspaceScreen.kt:11416:41 'fun Divider(modifier: Modifier = ..., thickness: Dp = ..., color: Color = ...): Unit' is deprecated. Renamed to HorizontalDivider.
w: file:///app/applet/app/src/main/java/com/example/studio/ui/WorkspaceScreen.kt:11560:117 'val Icons.Filled.ArrowBack: ImageVector' is deprecated. Use the AutoMirrored version at Icons.AutoMirrored.Filled.ArrowBack.
w: file:///app/applet/app/src/main/java/com/example/studio/ui/WorkspaceScreen.kt:11585:117 'val Icons.Filled.ArrowForward: ImageVector' is deprecated. Use the AutoMirrored version at Icons.AutoMirrored.Filled.ArrowForward.
w: file:///app/applet/app/src/main/java/com/example/studio/ui/WorkspaceScreen.kt:11803:95 'val Icons.Filled.KeyboardArrowRight: ImageVector' is deprecated. Use the AutoMirrored version at Icons.AutoMirrored.Filled.KeyboardArrowRight.
w: file:///app/applet/app/src/main/java/com/example/studio/ui/WorkspaceScreen.kt:11803:133 'val Icons.Filled.KeyboardArrowLeft: ImageVector' is deprecated. Use the AutoMirrored version at Icons.AutoMirrored.Filled.KeyboardArrowLeft.
w: file:///app/applet/app/src/main/java/com/example/studio/ui/WorkspaceScreen.kt:12210:92 Condition is always 'true'.
w: file:///app/applet/app/src/main/java/com/example/studio/ui/WorkspaceScreen.kt:12219:64 Condition is always 'true'.
w: file:///app/applet/app/src/main/java/com/example/studio/ui/WorkspaceScreen.kt:12310:56 'val Icons.Filled.ArrowBack: ImageVector' is deprecated. Use the AutoMirrored version at Icons.AutoMirrored.Filled.ArrowBack.
w: file:///app/applet/app/src/main/java/com/example/studio/ui/WorkspaceScreen.kt:16865:57 'val Icons.Filled.ArrowBack: ImageVector' is deprecated. Use the AutoMirrored version at Icons.AutoMirrored.Filled.ArrowBack.
w: file:///app/applet/app/src/main/java/com/example/studio/ui/WorkspaceScreen.kt:17444:35 Java type mismatch: inferred type is 'FloatArray?', but 'FloatArray' was expected.
w: file:///app/applet/app/src/main/java/com/example/studio/ui/WorkspaceScreen.kt:17445:17 Only safe (?.) or non-null asserted (!!.) calls are allowed on a nullable receiver of type 'FloatArray?'.
w: file:///app/applet/app/src/main/java/com/example/studio/ui/WorkspaceScreen.kt:17445:27 Only safe (?.) or non-null asserted (!!.) calls are allowed on a nullable receiver of type 'FloatArray?'.
w: file:///app/applet/app/src/main/java/com/example/studio/ui/WorkspaceScreen.kt:17446:21 Only safe (?.) or non-null asserted (!!.) calls are allowed on a nullable receiver of type 'FloatArray?'.
w: file:///app/applet/app/src/main/java/com/example/studio/ui/WorkspaceScreen.kt:17446:33 Only safe (?.) or non-null asserted (!!.) calls are allowed on a nullable receiver of type 'FloatArray?'.
w: file:///app/applet/app/src/main/java/com/example/studio/ui/WorkspaceScreen.kt:17447:17 Only safe (?.) or non-null asserted (!!.) calls are allowed on a nullable receiver of type 'FloatArray?'.
w: file:///app/applet/app/src/main/java/com/example/studio/ui/WorkspaceScreen.kt:17447:27 Only safe (?.) or non-null asserted (!!.) calls are allowed on a nullable receiver of type 'FloatArray?'.
w: file:///app/applet/app/src/main/java/com/example/studio/ui/WorkspaceScreen.kt:17448:17 Only safe (?.) or non-null asserted (!!.) calls are allowed on a nullable receiver of type 'FloatArray?'.
w: file:///app/applet/app/src/main/java/com/example/studio/ui/WorkspaceScreen.kt:17448:27 Only safe (?.) or non-null asserted (!!.) calls are allowed on a nullable receiver of type 'FloatArray?'.
w: file:///app/applet/app/src/main/java/com/example/studio/ui/WorkspaceScreen.kt:17451:32 Only safe (?.) or non-null asserted (!!.) calls are allowed on a nullable receiver of type 'FloatArray?'.
w: file:///app/applet/app/src/main/java/com/example/studio/ui/WorkspaceScreen.kt:17451:40 Only safe (?.) or non-null asserted (!!.) calls are allowed on a nullable receiver of type 'FloatArray?'.
w: file:///app/applet/app/src/main/java/com/example/studio/ui/WorkspaceScreen.kt:17451:48 Only safe (?.) or non-null asserted (!!.) calls are allowed on a nullable receiver of type 'FloatArray?'.
w: file:///app/applet/app/src/main/java/com/example/studio/ui/WorkspaceScreen.kt:17451:56 Java type mismatch: inferred type is 'FloatArray?', but 'FloatArray' was expected.
w: file:///app/applet/app/src/main/java/com/example/studio/ui/WorkspaceScreen.kt:17452:21 Only safe (?.) or non-null asserted (!!.) calls are allowed on a nullable receiver of type 'FloatArray?'.
w: file:///app/applet/app/src/main/java/com/example/studio/ui/WorkspaceScreen.kt:17453:21 Only safe (?.) or non-null asserted (!!.) calls are allowed on a nullable receiver of type 'FloatArray?'.
w: file:///app/applet/app/src/main/java/com/example/studio/ui/WorkspaceScreen.kt:17454:21 Only safe (?.) or non-null asserted (!!.) calls are allowed on a nullable receiver of type 'FloatArray?'.
w: file:///app/applet/app/src/main/java/com/example/studio/ui/WorkspaceScreen.kt:17482:43 Java type mismatch: inferred type is 'FloatArray?', but 'FloatArray' was expected.
w: file:///app/applet/app/src/main/java/com/example/studio/ui/WorkspaceScreen.kt:17483:25 Only safe (?.) or non-null asserted (!!.) calls are allowed on a nullable receiver of type 'FloatArray?'.
w: file:///app/applet/app/src/main/java/com/example/studio/ui/WorkspaceScreen.kt:17483:35 Only safe (?.) or non-null asserted (!!.) calls are allowed on a nullable receiver of type 'FloatArray?'.
w: file:///app/applet/app/src/main/java/com/example/studio/ui/WorkspaceScreen.kt:17484:29 Only safe (?.) or non-null asserted (!!.) calls are allowed on a nullable receiver of type 'FloatArray?'.
w: file:///app/applet/app/src/main/java/com/example/studio/ui/WorkspaceScreen.kt:17484:41 Only safe (?.) or non-null asserted (!!.) calls are allowed on a nullable receiver of type 'FloatArray?'.
w: file:///app/applet/app/src/main/java/com/example/studio/ui/WorkspaceScreen.kt:17486:40 Only safe (?.) or non-null asserted (!!.) calls are allowed on a nullable receiver of type 'FloatArray?'.
w: file:///app/applet/app/src/main/java/com/example/studio/ui/WorkspaceScreen.kt:17486:48 Only safe (?.) or non-null asserted (!!.) calls are allowed on a nullable receiver of type 'FloatArray?'.
w: file:///app/applet/app/src/main/java/com/example/studio/ui/WorkspaceScreen.kt:17486:56 Only safe (?.) or non-null asserted (!!.) calls are allowed on a nullable receiver of type 'FloatArray?'.
w: file:///app/applet/app/src/main/java/com/example/studio/ui/WorkspaceScreen.kt:17486:64 Java type mismatch: inferred type is 'FloatArray?', but 'FloatArray' was expected.
w: file:///app/applet/app/src/main/java/com/example/studio/ui/WorkspaceScreen.kt:17487:50 Only safe (?.) or non-null asserted (!!.) calls are allowed on a nullable receiver of type 'FloatArray?'.
w: file:///app/applet/app/src/main/java/com/example/studio/ui/WorkspaceScreen.kt:17488:50 Only safe (?.) or non-null asserted (!!.) calls are allowed on a nullable receiver of type 'FloatArray?'.
w: file:///app/applet/app/src/main/java/com/example/studio/ui/WorkspaceScreen.kt:17489:50 Only safe (?.) or non-null asserted (!!.) calls are allowed on a nullable receiver of type 'FloatArray?'.
w: file:///app/applet/app/src/main/java/com/example/studio/ui/WorkspaceScreen.kt:18226:49 'fun toByte(): Byte' is deprecated. Conversion of Char to Number is deprecated. Use Char.code property instead.
w: file:///app/applet/app/src/main/java/com/example/studio/ui/WorkspaceScreen.kt:18226:89 'fun toByte(): Byte' is deprecated. Conversion of Char to Number is deprecated. Use Char.code property instead.
w: file:///app/applet/app/src/main/java/com/example/studio/ui/WorkspaceScreen.kt:18226:129 'fun toByte(): Byte' is deprecated. Conversion of Char to Number is deprecated. Use Char.code property instead.
w: file:///app/applet/app/src/main/java/com/example/studio/ui/WorkspaceScreen.kt:18226:169 'fun toByte(): Byte' is deprecated. Conversion of Char to Number is deprecated. Use Char.code property instead.
w: file:///app/applet/app/src/main/java/com/example/studio/ui/WorkspaceScreen.kt:18572:49 'val Icons.Filled.ArrowBack: ImageVector' is deprecated. Use the AutoMirrored version at Icons.AutoMirrored.Filled.ArrowBack.
w: file:///app/applet/app/src/main/java/com/example/studio/ui/WorkspaceScreen.kt:18589:76 'val Icons.Filled.MenuOpen: ImageVector' is deprecated. Use the AutoMirrored version at Icons.AutoMirrored.Filled.MenuOpen.
w: file:///app/applet/app/src/main/java/com/example/studio/ui/WorkspaceScreen.kt:18613:49 'val Icons.Filled.Undo: ImageVector' is deprecated. Use the AutoMirrored version at Icons.AutoMirrored.Filled.Undo.
w: file:///app/applet/app/src/main/java/com/example/studio/ui/WorkspaceScreen.kt:18629:49 'val Icons.Filled.Redo: ImageVector' is deprecated. Use the AutoMirrored version at Icons.AutoMirrored.Filled.Redo.
w: file:///app/applet/app/src/main/java/com/example/studio/ui/WorkspaceScreen.kt:18710:82 'val Icons.Filled.FormatAlignLeft: ImageVector' is deprecated. Use the AutoMirrored version at Icons.AutoMirrored.Filled.FormatAlignLeft.
w: file:///app/applet/app/src/main/java/com/example/studio/ui/WorkspaceScreen.kt:18710:117 'val Icons.Filled.FormatAlignRight: ImageVector' is deprecated. Use the AutoMirrored version at Icons.AutoMirrored.Filled.FormatAlignRight.
w: file:///app/applet/app/src/main/java/com/example/studio/ui/WorkspaceScreen.kt:18885:36 'fun Divider(modifier: Modifier = ..., thickness: Dp = ..., color: Color = ...): Unit' is deprecated. Renamed to HorizontalDivider.
w: file:///app/applet/app/src/main/java/com/example/studio/ui/WorkspaceScreen.kt:18949:44 'fun Divider(modifier: Modifier = ..., thickness: Dp = ..., color: Color = ...): Unit' is deprecated. Renamed to HorizontalDivider.
w: file:///app/applet/app/src/main/java/com/example/studio/ui/WorkspaceScreen.kt:18984:44 'fun Divider(modifier: Modifier = ..., thickness: Dp = ..., color: Color = ...): Unit' is deprecated. Renamed to HorizontalDivider.
w: file:///app/applet/app/src/main/java/com/example/studio/ui/WorkspaceScreen.kt:19026:44 'fun Divider(modifier: Modifier = ..., thickness: Dp = ..., color: Color = ...): Unit' is deprecated. Renamed to HorizontalDivider.
w: file:///app/applet/app/src/main/java/com/example/studio/ui/WorkspaceScreen.kt:19068:44 'fun Divider(modifier: Modifier = ..., thickness: Dp = ..., color: Color = ...): Unit' is deprecated. Renamed to HorizontalDivider.
w: file:///app/applet/app/src/main/java/com/example/studio/ui/WorkspaceScreen.kt:19258:48 'fun Divider(modifier: Modifier = ..., thickness: Dp = ..., color: Color = ...): Unit' is deprecated. Renamed to HorizontalDivider.
w: file:///app/applet/app/src/main/java/com/example/studio/ui/WorkspaceScreen.kt:19293:48 'fun Divider(modifier: Modifier = ..., thickness: Dp = ..., color: Color = ...): Unit' is deprecated. Renamed to HorizontalDivider.
w: file:///app/applet/app/src/main/java/com/example/studio/ui/WorkspaceScreen.kt:19335:48 'fun Divider(modifier: Modifier = ..., thickness: Dp = ..., color: Color = ...): Unit' is deprecated. Renamed to HorizontalDivider.
w: file:///app/applet/app/src/main/java/com/example/studio/ui/WorkspaceScreen.kt:19377:48 'fun Divider(modifier: Modifier = ..., thickness: Dp = ..., color: Color = ...): Unit' is deprecated. Renamed to HorizontalDivider.
w: file:///app/applet/app/src/main/java/com/example/studio/ui/WorkspaceScreen.kt:19765:78 'val Icons.Filled.KeyboardArrowRight: ImageVector' is deprecated. Use the AutoMirrored version at Icons.AutoMirrored.Filled.KeyboardArrowRight.
w: file:///app/applet/app/src/main/java/com/example/studio/ui/WorkspaceScreen.kt:23041:61 'val Icons.Filled.ArrowBack: ImageVector' is deprecated. Use the AutoMirrored version at Icons.AutoMirrored.Filled.ArrowBack.
w: file:///app/applet/app/src/main/java/com/example/studio/ui/WorkspaceScreen.kt:23499:45 'fun Divider(modifier: Modifier = ..., thickness: Dp = ..., color: Color = ...): Unit' is deprecated. Renamed to HorizontalDivider.
w: file:///app/applet/app/src/main/java/com/example/studio/ui/WorkspaceScreen.kt:23606:45 'fun Divider(modifier: Modifier = ..., thickness: Dp = ..., color: Color = ...): Unit' is deprecated. Renamed to HorizontalDivider.
w: file:///app/applet/app/src/main/java/com/example/studio/ui/WorkspaceScreen.kt:23662:45 'fun Divider(modifier: Modifier = ..., thickness: Dp = ..., color: Color = ...): Unit' is deprecated. Renamed to HorizontalDivider.
w: file:///app/applet/app/src/main/java/com/example/studio/ui/WorkspaceScreen.kt:28210:37 'fun quadraticBezierTo(x1: Float, y1: Float, x2: Float, y2: Float): Unit' is deprecated. Use quadraticTo() for consistency with cubicTo().
w: Detected multiple Kotlin daemon sessions at 

BUILD SUCCESSFUL in 4m 12s
8 actionable tasks: 1 executed, 7 up-to-date
